
  You can now view your Streamlit app in your browser.

  Local URL: http://localhost:8509
  Network URL: http://192.168.1.12:8509

